// Jest Snapshot v1, https://goo.gl/fbAQLP

exports[`renders app container correctly 1`] = `
.c0 {
  width: 100%;
  height: 100%;
  font-style: normal;
  font-weight: normal;
  display: -webkit-box;
  display: -webkit-flex;
  display: -ms-flexbox;
  display: flex;
  -webkit-flex-direction: row;
  -ms-flex-direction: row;
  flex-direction: row;
  -webkit-box-pack: center;
  -webkit-justify-content: center;
  -ms-flex-pack: center;
  justify-content: center;
}

<div
  className="c0"
/>
`;
